// Jest Snapshot v1, https://goo.gl/fbAQLP

exports[`Test component NotFound render component NotFound 1`] = `
<section>
  <nav>
    <ul
      className="navbar"
    >
      <ul
        className="logoTitle"
      >
        <img
          alt="logo"
          className="logo"
          src="https://svgshare.com/i/g5e.svg"
        />
        <h1
          className="titleApp"
        >
          BlogSks
        </h1>
      </ul>
      <li>
        <button
          className="btnLogout"
          onClick={[Function]}
          type="button"
        >
          <img
            alt="icon-logout"
            className="iconLogOutC"
            src="Log_Out.svg"
          />
          LogOut
        </button>
      </li>
    </ul>
  </nav>
  <section
    className="NotFound"
  >
    <img
      alt="img-not-found"
      src="404-not-found.svg"
    />
  </section>
</section>
`;
